imports: {
  "(_).one.OneDepthClass$NonStaticClass": "(_).one.OneDepthClass.NonStaticClass",
  "(_).one.OneDepthClass$StaticClass": "StaticClass"
}
