imports: {
  "(_).one.OneDepthClass$NonStaticClass": "NonStaticClass"
}

staticImports: {
  "(_).one.OneDepthClass.StaticClass": "StaticClass"
}
