shortNames: {
  "org.bukkit.Material": "Material",
}

memberShortNames: {
  "org.bukkit.Statistic.ARMOR_CLEANED": "ARMOR_CLEANED"
}
