shortNames: {
  "(_).one.OneDepthClass$NonStaticClass": "NonStaticClass",
  "(_).one.OneDepthClass$StaticClass": "StaticClass"
}
