shortNames: {
  "(_).one.OneDepthClass$NonStaticClass": "NonStaticClass"
}

memberShortNames: {
  "(_).one.OneDepthClass.StaticClass": "StaticClass"
}
