shortNames: {
  "(_).SelfInnerClass$A": "A",
  "(_).SelfInnerClass$A$B": "B",
  "(_).SelfInnerClass$A$B$C": "C",
}
