shortNames: {
  "(_).SelfInnerClass$A": "A",
  "(_).SelfInnerClass$A$B": "A.B",
  "(_).SelfInnerClass$A$B$C": "A.B.C",
}
