imports:
  single:
    - "org.bukkit.NamespacedKey"

staticImports:
  global:
    - "org.bukkit.Material"
