imports:
  single:
    - "org.bukkit.NamespacedKey"
    - "org.bukkit.Statistic.Type"
  global:
    - "org.bukkit"

staticImports:
  single:
    - "org.bukkit.Statistic.ANIMALS_BRED"
  global:
    - "org.bukkit.Material"
